../Core/Src/hardware.c:20:6:MainPowerOn	8	static
../Core/Src/hardware.c:35:6:Led_A_Blink	16	static
../Core/Src/hardware.c:55:6:DisplayPowerOn	8	static
../Core/Src/hardware.c:66:6:DisplaySleep	4	static
../Core/Src/hardware.c:73:6:PowerOffStage2	8	static
../Core/Src/hardware.c:82:6:Toshiba_Init	16	static
../Core/Src/hardware.c:99:6:Stage2InitSplit	8	static
../Core/Src/hardware.c:109:6:MainPowerOff	8	static
../Core/Src/hardware.c:115:6:Buttons	8	static
../Core/Src/hardware.c:192:6:StatusControl	8	static
../Core/Src/hardware.c:275:6:InitHardware	72	static
