../Core/Src/i2cSoft.c:32:13:i2cSoft_Delay	16	static
../Core/Src/i2cSoft.c:43:6:i2cSoft_Init	8	static
../Core/Src/i2cSoft.c:50:9:i2cSoft_Read	24	static
../Core/Src/i2cSoft.c:78:5:TC358870_i2c_Write	32	static
../Core/Src/i2cSoft.c:100:5:TC358870_I2C_Write_BigIn	32	static
../Core/Src/i2cSoft.c:128:9:TC358870_i2c_Read	24	static
../Core/Src/i2cSoft.c:167:9:TC358870_i2c_Read8	16	static
../Core/Src/i2cSoft.c:210:10:TC358870_i2c_Read16	24	static
../Core/Src/i2cSoft.c:261:9:TC358870_i2c_Read32	24	static
../Core/Src/i2cSoft.c:312:5:i2cSoft_Mem_Read	24	static
../Core/Src/i2cSoft.c:367:5:i2cSoft_ReadBuffer	24	static
../Core/Src/i2cSoft.c:405:5:i2cSoft_WriteBuffer	24	static
../Core/Src/i2cSoft.c:455:5:i2cSoft_WriteByteOled	16	static
../Core/Src/i2cSoft.c:481:5:i2cSoft_DeviceReady	24	static
../Core/Src/i2cSoft.c:505:5:i2cSoft_DeviceExists	16	static
../Core/Src/i2cSoft.c:527:5:i2cSoft_WriteOled	16	static
../Core/Src/i2cSoft.c:559:5:i2cSoft_WriteByte	16	static
../Core/Src/i2cSoft.c:594:5:i2cSoft_WriteShort	16	static
../Core/Src/i2cSoft.c:637:5:i2cSoft_WriteLong	16	static
../Core/Src/i2cSoft.c:708:13:i2cSoft_Start	8	static
../Core/Src/i2cSoft.c:747:13:i2cSoft_Stop	8	static
../Core/Src/i2cSoft.c:766:13:i2cSoft_Ack	8	static
../Core/Src/i2cSoft.c:784:13:i2cSoft_NoAck	8	static
../Core/Src/i2cSoft.c:805:13:i2cSoft_WaitAck	8	static
../Core/Src/i2cSoft.c:828:13:i2cSoft_PutByte	24	static
../Core/Src/i2cSoft.c:854:16:i2cSoft_GetByte	16	static
../Core/Src/i2cSoft.c:876:13:SCLhigh	8	static
../Core/Src/i2cSoft.c:887:6:i2cSoft_Scan	16	static
